Loading google/gemma-3-27b-it in torch.bfloat16...
Model loaded. Hidden size: 5376
Vision tower: SiglipVisionModel
Projector: Gemma3MultiModalProjector
Prompt: Describe this image.
Response: Interestingly, the image shows a close-up of a unique piece of art. It appears to be a sculpture or a mosaic created using numerous matchsticks. 

The artwork depicts the letters "1520 PU56" and what looks like the word "RAK" or a similar combination of letters, all formed from the heads of the matchsticks. The matchsticks are arranged in a way that creates a textured, almost three-dimensional effect. 

The background is a gray surface, and there are other numbers and letters visible around the main design, suggesting that the entire surface might be covered in this matchstick art. The colors of the matchstick heads vary, adding to the visual complexity of the piece. It's a very detailed and intricate work!

Prompt: What is this?
Response: Interestingly, this is a piece of art created by the French artist Jean Dubuffet called "L'Homme Sauvage" (The Wild Man). 

It's a large-scale sculpture made from concrete, painted in a textured and abstract style. Dubuffet created several of these "Hourloupe" figures in the 1960s, aiming to create art that was raw, primitive, and outside the traditional art world. 

The figures are characterized by their fragmented, almost puzzle-like forms and their bold, colorful patterns. This particular sculpture is located in the Kröller-Müller Museum sculpture garden in Otterlo, Netherlands.

Prompt: Tell me about this picture.
Response: Interestingly, the picture shows a unique and intricate piece of art! It appears to be a jacket or coat made entirely from used ticket stubs. 

Here's what I can observe:

*   **Material:** The entire garment is constructed from what looks like old tickets – likely from cinemas, concerts, or other events.
*   **Design:** The tickets are arranged to form letters and words, spelling out "1536 Puzzle". The letters are large and bold, creating a striking visual effect.
*   **Texture:** The surface is very textured due to the overlapping and varied nature of the tickets.
*   **Color:** The color scheme is a mix of browns, reds, and other colors from the tickets themselves, giving it a vintage and eclectic look.
*   **Artistic Style:** This is a form of assemblage art, where found objects are combined to create a new work. It's a creative and resourceful way to repurpose materials.

It's a fascinating and unusual piece of wearable art! It speaks to themes of memory, experience, and the value of everyday objects.

